exp3_warm: n=29  max|dTglob|=4.096e+01 K  max|dOLRglob|=8.561e+01 W/m2  final time(yr) unique=[1000.]
   worst case 4: proto T=275.087153 archive T=234.126584
exp3_cold: n=29  max|dTglob|=5.684e-14 K  max|dOLRglob|=0.000e+00 W/m2  final time(yr) unique=[1000.]
   worst case 20: proto T=256.887287 archive T=256.887287
case Inst  T_proto  T_archive  dT
  0 0.8000  227.615  227.615   -0.000
  1 0.8250  229.243  229.243   -0.000
  2 0.8500  230.871  230.871   -0.000
  3 0.8750  232.499  232.499   -0.000
  4 0.9000  275.087  234.127  +40.961
  5 0.9250  286.336  285.444   +0.892
  6 0.9500  293.155  293.155   -0.000
  7 0.9750  298.847  298.847   +0.000
  8 1.0000  302.864  302.864   -0.000
  9 1.0250  306.209  306.209   -0.000
 10 1.0500  309.512  309.512   +0.000
 11 1.0750  312.788  312.788   +0.000
 12 1.1000  316.043  316.043   +0.000
 13 1.1250  319.286  319.286   -0.000
 14 1.1500  322.515  322.515   +0.000
 15 1.1750  325.732  325.732   +0.000
 16 1.2000  328.944  328.944   +0.000
 17 1.2250  332.151  332.151   +0.000
 18 1.2500  335.352  335.352   +0.000
 19 1.2750  338.550  338.550   +0.000
 20 1.3000  341.747  341.747   +0.000
 21 1.3250  344.943  344.943   -0.000
 22 1.3500  348.139  348.139   -0.000
 23 1.3750  351.336  351.336   +0.000
 24 1.4000  354.533  354.533   +0.000
 25 1.4250  357.729  357.729   +0.000
 26 1.4500  360.926  360.926   +0.000
 27 1.4750  364.123  364.123   +0.000
 28 1.5000  367.319  367.319   +0.000
