exp1 Land asymmetric case 71:
    70.000 0.975 0.000 280.000 297.009 90.000 55.085 -55.085 -90.000 90.000 62.457 -62.457 -90.000
    71.000 0.975 10.000 280.000 297.125 90.000 56.443 -55.085 -90.000 90.000 64.158 -64.158 -90.000
    72.000 0.975 20.000 280.000 297.967 90.000 60.848 -60.848 -90.000 90.000 70.052 -70.052 -90.000
exp1a Land asymmetric case 142:
    141.000 0.911 10.000 280.000 281.489 90.000 36.394 -36.394 -90.000 90.000 46.608 -46.608 -90.000
    142.000 0.911 20.000 280.000 279.452 90.000 33.596 -32.684 -90.000 90.000 45.507 -45.507 -90.000
    143.000 0.911 30.000 280.000 234.869 90.000 0.000 0.000 -90.000 90.000 0.000 0.000 -90.000
exp2 Land asymmetric case 18:
    17.000 1.075 70.000 280.000 251.372 90.000 0.000 0.000 -90.000 90.000 0.000 0.000 -90.000
    18.000 1.075 80.000 280.000 251.710 70.052 0.000 0.000 -67.921 90.000 0.000 0.000 -90.000
    19.000 1.075 90.000 280.000 251.792 65.970 0.000 0.000 -65.970 90.000 0.000 0.000 -90.000
exp2a Land asymmetric case 106:
    105.000 1.169 50.000 280.000 262.213 90.000 25.679 -25.679 -90.000 90.000 0.000 0.000 -90.000
    106.000 1.169 60.000 280.000 260.301 51.261 0.000 0.000 -52.498 90.000 0.000 0.000 -90.000
    107.000 1.169 70.000 280.000 260.189 44.427 0.000 0.000 -44.427 90.000 0.000 0.000 -90.000
exp2a Land asymmetric case 119:
    118.000 1.138 80.000 280.000 257.294 48.880 0.000 0.000 -48.880 90.000 0.000 0.000 -90.000
    119.000 1.138 90.000 280.000 257.309 47.731 0.000 0.000 -48.880 90.000 0.000 0.000 -90.000
    120.000 1.108 0.000 280.000 247.675 90.000 0.000 0.000 -90.000 90.000 0.000 0.000 -90.000
exp4_warm Land asymmetric case 11:
    10.000 0.966 23.500 0.000 291.626 90.000 53.896 -53.896 -90.000 90.000 57.960 -57.960 -90.000
    11.000 0.966 23.500 0.000 295.073 90.000 59.421 -57.960 -90.000 90.000 62.550 -62.550 -90.000
    12.000 0.966 23.500 0.000 297.923 90.000 62.550 -62.550 -90.000 90.000 66.051 -66.051 -90.000
